---
source: tui/src/history_cell.rs
assertion_line: 3529
expression: rendered
---
╭─────────────────────────────────────╮
│ >_ xcodex (v0.4.0)                  │
│                                     │
│ model:     gpt-5   /model to change │
│ directory: /tmp/project             │
╰─────────────────────────────────────╯

  Tips: Model just became available
