---
source: tui/src/xcodex_first_run_wizard.rs
expression: render_snapshot(&screen)
---

  xcodex setup (first run)

  Review planned changes:

    Home: XC_HOME_DOES_NOT_EXIST
    Create: XC_HOME_DOES_NOT_EXIST/
    Write: XC_HOME_DOES_NOT_EXIST/config.toml (if missing)
    Write: XC_HOME_DOES_NOT_EXIST/.xcodex-first-run-wizard.complete (marker)

› 1. Exit (dry-run)
  2. Back

  Press enter to select
