---
source: xcodex/tui2/src/bottom_pane/status_menu_view.rs
expression: "render_lines(&view, 60)"
---
                                                            
  [ Status ]  [ Settings ]  [ ⚡ Tools ]  (bottom-pane)      
                                                            
  Settings                                                  
  Toggles apply immediately and persist.                    
                                                            
    [x] Status bar: git branch                              
    [ ] Status bar: worktree path                           
  › [x] Transcript: verbose tool output                     
    [x] Transcript: syntax highlight                        
    [ ] Transcript: diff highlight                          
    [ ] Transcript: side-by-side diff                       
    [ ] Transcript: highlight past prompts                  
    [ ] Composer: minimal borders                           
    Worktrees…                                              
                                                            
  Tip: Tab to ⚡ Tools.                                      
                                                            
  Tab: switch tab  ↑/↓: select/scroll  Enter: toggle/run  Es
