---
source: tui2/src/bottom_pane/status_menu_view.rs
expression: "render_lines(&view, 60)"
---
                                                            
  [ Status ]  [ Settings ]  [ Tools ]  (bottom-pane)        
                                                            
  • Status card                                             
                                                            
  Tip: Tab to toggle settings or open tools.                
                                                            
  Tab: switch tab  ↑/↓: select/scroll  Enter: toggle/run  Es
