---
source: tui2/src/bottom_pane/status_menu_view.rs
assertion_line: 631
expression: "render_lines(&view, 60)"
---
                                                            
  [ Status ]  [ Settings ]  [ Tools ]  (bottom-pane)        
                                                            
  Tools                                                     
  Quick actions (opens other pickers/popups).               
                                                            
  › Resume…                                                 
    Worktrees…                                              
    Approvals…                                              
                                                            
  Pick a previous session to continue.                      
                                                            
  Tab: switch tab  ↑/↓: select/scroll  Enter: toggle/run  Es
