---
source: tui2/src/bottom_pane/chat_composer.rs
assertion_line: 2128
expression: terminal.backend()
---
"                                                                                                    "
"› h                                                                                                 "
"                                                                                                    "
"                                                                                                    "
"                                                                                                    "
"                                                                                                    "
"                                                                                                    "
"                                                                                                    "
"  100% context left · ctrl + k copy prompt                                                          "
