---
source: xcodex/tui2/src/chatwidget/tests.rs
expression: terminal.backend()
---
"                                                                                "
"• Booting MCP server (1/5): alpha (0s • esc to interrupt)                       "
"                                                                                "
"                                                                                "
"› Ask xcodex to do anything                                                     "
"                                                                                "
"  100% context left · ? for shortcuts                                           "
