---
source: tui/src/bottom_pane/status_menu_view.rs
expression: "render_lines(&view, 60)"
---
                                                            
  [ Status ]  [ Settings ]  [ ⚡ Tools ]  (bottom-pane)      
                                                            
  ⚡ Tools                                                   
  Toggles and shortcuts.                                    
                                                            
  › [x] Xtreme mode (on)                                    
    [ ] Verbose tool output                                 
    Review…                                                 
    Model…                                                  
    Approvals…                                              
    Worktrees…                                              
    Hooks…                                                  
    Transcript…                                             
    Resume…                                                 
                                                            
  Toggle xtreme UI styling (persists).                      
                                                            
  Tab: switch tab  ↑/↓: select/scroll  Enter: toggle/run  Es
