---
source: tui/src/bottom_pane/chat_composer.rs
expression: terminal.backend()
---
"                                                                                                                                            "
"› Ask xcodex to do anything                                                                                                                 "
"                                                                                                                                            "
"                                                                                                                                            "
"                                                                                                                                            "
"                                                                                                                                            "
"                                                                                                                                            "
"                                                                                                                                            "
"  ? for shortcuts                                                           …/.worktrees/feat-project-level-settings · 100% context left  "
