---
source: tui/src/bottom_pane/status_menu_view.rs
assertion_line: 645
expression: "render_lines(&view, 60)"
---
                                                            
  [ Status ]  [ Settings ]  [ Tools ]  (bottom-pane)        
                                                            
  Settings                                                  
  Toggles apply immediately and persist.                    
                                                            
    [x] Status bar: git branch                              
  › [x] Status bar: worktree path                           
    Worktrees…                                              
                                                            
  Tip: Tab to Tools.                                        
                                                            
  Tab: switch tab  ↑/↓: select/scroll  Enter: toggle/run  Es
