---
source: tui/src/chatwidget/tests.rs
expression: popup
---
  Plan list
  0 plans · filter: Open · base: CODEX_HOME/plans

  Search plans by title, status, or path
› Create new plan       Create/open active plan file
  Plan settings
  No plans in this tab

  ↑/↓: select  Enter: choose  Tab: next filter  type: search  Esc: close
