---
source: tui/src/chatwidget/tests.rs
assertion_line: 2875
expression: terminal.backend()
---
"                                                                                "
"• Working (0s • esc to interrupt)                                               "
"                                                                                "
"                                                                                "
"› Ask xcodex to do anything                                                     "
"                                                                                "
"  100% context left · ? for shortcuts                                           "
