---
source: tui/src/chatwidget/tests.rs
expression: terminal.backend()
---
"                                                                                "
"• Charging (0s • esc to interrupt)                                              "
"                                                                                "
"                                                                                "
"› Ask xcodex to do anything                                                     "
"                                                                                "
"  100% context left · ? for shortcuts                                           "
