---
source: tui/src/chatwidget/tests/mcp_startup.rs
assertion_line: 23
expression: normalized_backend_snapshot(terminal.backend())
---
"                                                                                "
"• Booting MCP server (1/5): alpha (0s • esc to interrupt)                       "
"                                                                                "
"                                                                                "
"› Ask xcodex to do anything                                                     "
"                                                                                "
"  ? for shortcuts · gpt-5.3-codex                            100% context left  "
